------------------------------------------------------------
Timing Analyzer Summary
------------------------------------------------------------

Type  : Slow 1200mV 85C Model Setup 'u_pix_pll|altpll_component|auto_generated|pll1|clk[0]'
Slack : -32.542
TNS   : -1212.484

Type  : Slow 1200mV 85C Model Setup 'clk50'
Slack : -13.907
TNS   : -288.648

Type  : Slow 1200mV 85C Model Hold 'clk50'
Slack : 0.411
TNS   : 0.000

Type  : Slow 1200mV 85C Model Hold 'u_pix_pll|altpll_component|auto_generated|pll1|clk[0]'
Slack : 0.453
TNS   : 0.000

Type  : Slow 1200mV 85C Model Minimum Pulse Width 'clk50'
Slack : 8.922
TNS   : 0.000

Type  : Slow 1200mV 85C Model Minimum Pulse Width 'u_pix_pll|altpll_component|auto_generated|pll1|clk[0]'
Slack : 77.816
TNS   : 0.000

Type  : Slow 1200mV 0C Model Setup 'u_pix_pll|altpll_component|auto_generated|pll1|clk[0]'
Slack : -29.924
TNS   : -1081.096

Type  : Slow 1200mV 0C Model Setup 'clk50'
Slack : -11.334
TNS   : -221.720

Type  : Slow 1200mV 0C Model Hold 'clk50'
Slack : 0.388
TNS   : 0.000

Type  : Slow 1200mV 0C Model Hold 'u_pix_pll|altpll_component|auto_generated|pll1|clk[0]'
Slack : 0.402
TNS   : 0.000

Type  : Slow 1200mV 0C Model Minimum Pulse Width 'clk50'
Slack : 8.973
TNS   : 0.000

Type  : Slow 1200mV 0C Model Minimum Pulse Width 'u_pix_pll|altpll_component|auto_generated|pll1|clk[0]'
Slack : 77.791
TNS   : 0.000

Type  : Fast 1200mV 0C Model Setup 'u_pix_pll|altpll_component|auto_generated|pll1|clk[0]'
Slack : -13.509
TNS   : -449.501

Type  : Fast 1200mV 0C Model Setup 'clk50'
Slack : -0.326
TNS   : -0.326

Type  : Fast 1200mV 0C Model Hold 'clk50'
Slack : 0.132
TNS   : 0.000

Type  : Fast 1200mV 0C Model Hold 'u_pix_pll|altpll_component|auto_generated|pll1|clk[0]'
Slack : 0.186
TNS   : 0.000

Type  : Fast 1200mV 0C Model Minimum Pulse Width 'clk50'
Slack : 8.588
TNS   : 0.000

Type  : Fast 1200mV 0C Model Minimum Pulse Width 'u_pix_pll|altpll_component|auto_generated|pll1|clk[0]'
Slack : 77.859
TNS   : 0.000

------------------------------------------------------------
